Archive member included because of file (symbol)

c:/freescale/kds_3.0.0/toolchain/bin/../lib/gcc/arm-none-eabi/4.8.4/../../../../arm-none-eabi/lib/armv7e-m/fpu\libg_s.a(lib_a-exit.o)
                              c:/freescale/kds_3.0.0/toolchain/bin/../lib/gcc/arm-none-eabi/4.8.4/../../../../arm-none-eabi/lib/armv7e-m/fpu/crt0.o (exit)
c:/freescale/kds_3.0.0/toolchain/bin/../lib/gcc/arm-none-eabi/4.8.4/../../../../arm-none-eabi/lib/armv7e-m/fpu\libg_s.a(lib_a-impure.o)
                              c:/freescale/kds_3.0.0/toolchain/bin/../lib/gcc/arm-none-eabi/4.8.4/../../../../arm-none-eabi/lib/armv7e-m/fpu\libg_s.a(lib_a-exit.o) (_global_impure_ptr)
c:/freescale/kds_3.0.0/toolchain/bin/../lib/gcc/arm-none-eabi/4.8.4/../../../../arm-none-eabi/lib/armv7e-m/fpu\libg_s.a(lib_a-init.o)
                              c:/freescale/kds_3.0.0/toolchain/bin/../lib/gcc/arm-none-eabi/4.8.4/../../../../arm-none-eabi/lib/armv7e-m/fpu/crt0.o (__libc_init_array)
c:/freescale/kds_3.0.0/toolchain/bin/../lib/gcc/arm-none-eabi/4.8.4/../../../../arm-none-eabi/lib/armv7e-m/fpu\libg_s.a(lib_a-memset.o)
                              c:/freescale/kds_3.0.0/toolchain/bin/../lib/gcc/arm-none-eabi/4.8.4/../../../../arm-none-eabi/lib/armv7e-m/fpu/crt0.o (memset)
c:/freescale/kds_3.0.0/toolchain/bin/../lib/gcc/arm-none-eabi/4.8.4/../../../../arm-none-eabi/lib/armv7e-m/fpu\libnosys.a(_exit.o)
                              c:/freescale/kds_3.0.0/toolchain/bin/../lib/gcc/arm-none-eabi/4.8.4/../../../../arm-none-eabi/lib/armv7e-m/fpu\libg_s.a(lib_a-exit.o) (_exit)

Discarded input sections

 .text          0x00000000        0x0 c:/freescale/kds_3.0.0/toolchain/bin/../lib/gcc/arm-none-eabi/4.8.4/armv7e-m/fpu/crti.o
 .data          0x00000000        0x0 c:/freescale/kds_3.0.0/toolchain/bin/../lib/gcc/arm-none-eabi/4.8.4/armv7e-m/fpu/crti.o
 .bss           0x00000000        0x0 c:/freescale/kds_3.0.0/toolchain/bin/../lib/gcc/arm-none-eabi/4.8.4/armv7e-m/fpu/crti.o
 .data          0x00000000        0x4 c:/freescale/kds_3.0.0/toolchain/bin/../lib/gcc/arm-none-eabi/4.8.4/armv7e-m/fpu/crtbegin.o
 .data          0x00000000        0x0 c:/freescale/kds_3.0.0/toolchain/bin/../lib/gcc/arm-none-eabi/4.8.4/../../../../arm-none-eabi/lib/armv7e-m/fpu/crt0.o
 .bss           0x00000000        0x0 c:/freescale/kds_3.0.0/toolchain/bin/../lib/gcc/arm-none-eabi/4.8.4/../../../../arm-none-eabi/lib/armv7e-m/fpu/crt0.o
 .ARM.extab     0x00000000        0x0 c:/freescale/kds_3.0.0/toolchain/bin/../lib/gcc/arm-none-eabi/4.8.4/../../../../arm-none-eabi/lib/armv7e-m/fpu/crt0.o
 .group         0x00000000        0x8 ./Sources/Application.o
 .group         0x00000000        0x8 ./Sources/Application.o
 .group         0x00000000        0x8 ./Sources/Application.o
 .group         0x00000000        0x8 ./Sources/Application.o
 .group         0x00000000        0x8 ./Sources/Application.o
 .group         0x00000000        0x8 ./Sources/Application.o
 .group         0x00000000        0x8 ./Sources/Application.o
 .group         0x00000000        0x8 ./Sources/Application.o
 .group         0x00000000        0x8 ./Sources/Application.o
 .group         0x00000000        0x8 ./Sources/Application.o
 .group         0x00000000        0x8 ./Sources/Application.o
 .group         0x00000000        0x8 ./Sources/Application.o
 .group         0x00000000        0x8 ./Sources/Application.o
 .group         0x00000000        0x8 ./Sources/Application.o
 .group         0x00000000        0x8 ./Sources/Application.o
 .text          0x00000000        0x0 ./Sources/Application.o
 .data          0x00000000        0x0 ./Sources/Application.o
 .bss           0x00000000        0x0 ./Sources/Application.o
 .text.App_Delay
                0x00000000       0x18 ./Sources/Application.o
 .group         0x00000000        0x8 ./Sources/Fifo.o
 .group         0x00000000        0x8 ./Sources/Fifo.o
 .group         0x00000000        0x8 ./Sources/Fifo.o
 .group         0x00000000        0x8 ./Sources/Fifo.o
 .text          0x00000000        0x0 ./Sources/Fifo.o
 .data          0x00000000        0x0 ./Sources/Fifo.o
 .bss           0x00000000        0x0 ./Sources/Fifo.o
 .text.FIFO_Init
                0x00000000       0x1c ./Sources/Fifo.o
 .debug_macro   0x00000000      0x850 ./Sources/Fifo.o
 .debug_macro   0x00000000       0x16 ./Sources/Fifo.o
 .group         0x00000000        0x8 ./Sources/HardwareProxy.o
 .group         0x00000000        0x8 ./Sources/HardwareProxy.o
 .group         0x00000000        0x8 ./Sources/HardwareProxy.o
 .group         0x00000000        0x8 ./Sources/HardwareProxy.o
 .group         0x00000000        0x8 ./Sources/HardwareProxy.o
 .group         0x00000000        0x8 ./Sources/HardwareProxy.o
 .group         0x00000000        0x8 ./Sources/HardwareProxy.o
 .group         0x00000000        0x8 ./Sources/HardwareProxy.o
 .group         0x00000000        0x8 ./Sources/HardwareProxy.o
 .group         0x00000000        0x8 ./Sources/HardwareProxy.o
 .group         0x00000000        0x8 ./Sources/HardwareProxy.o
 .group         0x00000000        0x8 ./Sources/HardwareProxy.o
 .group         0x00000000        0x8 ./Sources/HardwareProxy.o
 .group         0x00000000        0x8 ./Sources/HardwareProxy.o
 .group         0x00000000        0x8 ./Sources/HardwareProxy.o
 .group         0x00000000        0x8 ./Sources/HardwareProxy.o
 .group         0x00000000        0x8 ./Sources/HardwareProxy.o
 .group         0x00000000        0x8 ./Sources/HardwareProxy.o
 .group         0x00000000        0x8 ./Sources/HardwareProxy.o
 .group         0x00000000        0x8 ./Sources/HardwareProxy.o
 .group         0x00000000        0x8 ./Sources/HardwareProxy.o
 .group         0x00000000        0x8 ./Sources/HardwareProxy.o
 .group         0x00000000        0x8 ./Sources/HardwareProxy.o
 .text          0x00000000        0x0 ./Sources/HardwareProxy.o
 .data          0x00000000        0x0 ./Sources/HardwareProxy.o
 .bss           0x00000000        0x0 ./Sources/HardwareProxy.o
 .text.Hw_OE_DIS
                0x00000000       0x18 ./Sources/HardwareProxy.o
 .text.Hw_OE_EN
                0x00000000       0x18 ./Sources/HardwareProxy.o
 .debug_macro   0x00000000      0x850 ./Sources/HardwareProxy.o
 .debug_macro   0x00000000       0x16 ./Sources/HardwareProxy.o
 .debug_macro   0x00000000       0x44 ./Sources/HardwareProxy.o
 .debug_macro   0x00000000      0x209 ./Sources/HardwareProxy.o
 .debug_macro   0x00000000       0x58 ./Sources/HardwareProxy.o
 .debug_macro   0x00000000       0x35 ./Sources/HardwareProxy.o
 .debug_macro   0x00000000       0xa3 ./Sources/HardwareProxy.o
 .debug_macro   0x00000000       0x16 ./Sources/HardwareProxy.o
 .debug_macro   0x00000000      0x10e ./Sources/HardwareProxy.o
 .debug_macro   0x00000000       0x7f ./Sources/HardwareProxy.o
 .debug_macro   0x00000000       0x52 ./Sources/HardwareProxy.o
 .debug_macro   0x00000000       0x16 ./Sources/HardwareProxy.o
 .debug_macro   0x00000000       0x43 ./Sources/HardwareProxy.o
 .debug_macro   0x00000000      0x180 ./Sources/HardwareProxy.o
 .debug_macro   0x00000000       0x22 ./Sources/HardwareProxy.o
 .group         0x00000000        0x8 ./Sources/OV7670.o
 .group         0x00000000        0x8 ./Sources/OV7670.o
 .group         0x00000000        0x8 ./Sources/OV7670.o
 .group         0x00000000        0x8 ./Sources/OV7670.o
 .group         0x00000000        0x8 ./Sources/OV7670.o
 .group         0x00000000        0x8 ./Sources/OV7670.o
 .text          0x00000000        0x0 ./Sources/OV7670.o
 .data          0x00000000        0x0 ./Sources/OV7670.o
 .bss           0x00000000        0x0 ./Sources/OV7670.o
 .debug_macro   0x00000000      0x850 ./Sources/OV7670.o
 .debug_macro   0x00000000       0x16 ./Sources/OV7670.o
 .debug_macro   0x00000000       0x44 ./Sources/OV7670.o
 .debug_macro   0x00000000      0x209 ./Sources/OV7670.o
 .group         0x00000000        0x8 ./Sources/SCCB.o
 .group         0x00000000        0x8 ./Sources/SCCB.o
 .group         0x00000000        0x8 ./Sources/SCCB.o
 .group         0x00000000        0x8 ./Sources/SCCB.o
 .group         0x00000000        0x8 ./Sources/SCCB.o
 .group         0x00000000        0x8 ./Sources/SCCB.o
 .group         0x00000000        0x8 ./Sources/SCCB.o
 .group         0x00000000        0x8 ./Sources/SCCB.o
 .group         0x00000000        0x8 ./Sources/SCCB.o
 .group         0x00000000        0x8 ./Sources/SCCB.o
 .group         0x00000000        0x8 ./Sources/SCCB.o
 .group         0x00000000        0x8 ./Sources/SCCB.o
 .group         0x00000000        0x8 ./Sources/SCCB.o
 .group         0x00000000        0x8 ./Sources/SCCB.o
 .group         0x00000000        0x8 ./Sources/SCCB.o
 .group         0x00000000        0x8 ./Sources/SCCB.o
 .text          0x00000000        0x0 ./Sources/SCCB.o
 .data          0x00000000        0x0 ./Sources/SCCB.o
 .bss           0x00000000        0x0 ./Sources/SCCB.o
 .debug_macro   0x00000000      0x850 ./Sources/SCCB.o
 .debug_macro   0x00000000       0x58 ./Sources/SCCB.o
 .debug_macro   0x00000000       0x16 ./Sources/SCCB.o
 .debug_macro   0x00000000       0x35 ./Sources/SCCB.o
 .debug_macro   0x00000000       0xa3 ./Sources/SCCB.o
 .debug_macro   0x00000000       0x16 ./Sources/SCCB.o
 .debug_macro   0x00000000      0x10e ./Sources/SCCB.o
 .debug_macro   0x00000000       0x7f ./Sources/SCCB.o
 .debug_macro   0x00000000       0x4a ./Sources/SCCB.o
 .debug_macro   0x00000000       0x52 ./Sources/SCCB.o
 .debug_macro   0x00000000       0x16 ./Sources/SCCB.o
 .debug_macro   0x00000000       0x43 ./Sources/SCCB.o
 .debug_macro   0x00000000      0x180 ./Sources/SCCB.o
 .debug_macro   0x00000000       0x22 ./Sources/SCCB.o
 .debug_macro   0x00000000      0x20f ./Sources/SCCB.o
 .debug_macro   0x00000000       0x10 ./Sources/SCCB.o
 .group         0x00000000        0x8 ./Sources/main.o
 .group         0x00000000        0x8 ./Sources/main.o
 .group         0x00000000        0x8 ./Sources/main.o
 .group         0x00000000        0x8 ./Sources/main.o
 .text          0x00000000        0x0 ./Sources/main.o
 .data          0x00000000        0x0 ./Sources/main.o
 .bss           0x00000000        0x0 ./Sources/main.o
 .debug_macro   0x00000000      0x850 ./Sources/main.o
 .debug_macro   0x00000000       0x16 ./Sources/main.o
 .debug_macro   0x00000000       0x44 ./Sources/main.o
 .debug_macro   0x00000000      0x209 ./Sources/main.o
 .data          0x00000000        0x0 ./Project_Settings/Startup_Code/startup_MK64F12.o
 .bss           0x00000000        0x0 ./Project_Settings/Startup_Code/startup_MK64F12.o
 .group         0x00000000        0x8 ./Project_Settings/Startup_Code/system_MK64F12.o
 .group         0x00000000        0x8 ./Project_Settings/Startup_Code/system_MK64F12.o
 .group         0x00000000        0x8 ./Project_Settings/Startup_Code/system_MK64F12.o
 .group         0x00000000        0x8 ./Project_Settings/Startup_Code/system_MK64F12.o
 .group         0x00000000        0x8 ./Project_Settings/Startup_Code/system_MK64F12.o
 .group         0x00000000        0x8 ./Project_Settings/Startup_Code/system_MK64F12.o
 .group         0x00000000        0x8 ./Project_Settings/Startup_Code/system_MK64F12.o
 .group         0x00000000        0x8 ./Project_Settings/Startup_Code/system_MK64F12.o
 .group         0x00000000        0x8 ./Project_Settings/Startup_Code/system_MK64F12.o
 .group         0x00000000        0x8 ./Project_Settings/Startup_Code/system_MK64F12.o
 .group         0x00000000        0x8 ./Project_Settings/Startup_Code/system_MK64F12.o
 .text          0x00000000        0x0 ./Project_Settings/Startup_Code/system_MK64F12.o
 .data          0x00000000        0x0 ./Project_Settings/Startup_Code/system_MK64F12.o
 .bss           0x00000000        0x0 ./Project_Settings/Startup_Code/system_MK64F12.o
 .debug_macro   0x00000000      0x850 ./Project_Settings/Startup_Code/system_MK64F12.o
 .debug_macro   0x00000000       0x16 ./Project_Settings/Startup_Code/system_MK64F12.o
 .debug_macro   0x00000000       0x44 ./Project_Settings/Startup_Code/system_MK64F12.o
 .debug_macro   0x00000000      0x209 ./Project_Settings/Startup_Code/system_MK64F12.o
 .debug_macro   0x00000000       0x68 ./Project_Settings/Startup_Code/system_MK64F12.o
 .debug_macro   0x00000000       0x3b ./Project_Settings/Startup_Code/system_MK64F12.o
 .debug_macro   0x00000000       0x2d ./Project_Settings/Startup_Code/system_MK64F12.o
 .debug_macro   0x00000000       0x26 ./Project_Settings/Startup_Code/system_MK64F12.o
 .debug_macro   0x00000000      0xc13 ./Project_Settings/Startup_Code/system_MK64F12.o
 .debug_macro   0x00000000       0x78 ./Project_Settings/Startup_Code/system_MK64F12.o
 .debug_macro   0x00000000    0x175e0 ./Project_Settings/Startup_Code/system_MK64F12.o
 .text          0x00000000        0x0 c:/freescale/kds_3.0.0/toolchain/bin/../lib/gcc/arm-none-eabi/4.8.4/../../../../arm-none-eabi/lib/armv7e-m/fpu\libg_s.a(lib_a-exit.o)
 .data          0x00000000        0x0 c:/freescale/kds_3.0.0/toolchain/bin/../lib/gcc/arm-none-eabi/4.8.4/../../../../arm-none-eabi/lib/armv7e-m/fpu\libg_s.a(lib_a-exit.o)
 .bss           0x00000000        0x0 c:/freescale/kds_3.0.0/toolchain/bin/../lib/gcc/arm-none-eabi/4.8.4/../../../../arm-none-eabi/lib/armv7e-m/fpu\libg_s.a(lib_a-exit.o)
 .text          0x00000000        0x0 c:/freescale/kds_3.0.0/toolchain/bin/../lib/gcc/arm-none-eabi/4.8.4/../../../../arm-none-eabi/lib/armv7e-m/fpu\libg_s.a(lib_a-impure.o)
 .data          0x00000000        0x0 c:/freescale/kds_3.0.0/toolchain/bin/../lib/gcc/arm-none-eabi/4.8.4/../../../../arm-none-eabi/lib/armv7e-m/fpu\libg_s.a(lib_a-impure.o)
 .bss           0x00000000        0x0 c:/freescale/kds_3.0.0/toolchain/bin/../lib/gcc/arm-none-eabi/4.8.4/../../../../arm-none-eabi/lib/armv7e-m/fpu\libg_s.a(lib_a-impure.o)
 .data._impure_ptr
                0x00000000        0x4 c:/freescale/kds_3.0.0/toolchain/bin/../lib/gcc/arm-none-eabi/4.8.4/../../../../arm-none-eabi/lib/armv7e-m/fpu\libg_s.a(lib_a-impure.o)
 .text          0x00000000        0x0 c:/freescale/kds_3.0.0/toolchain/bin/../lib/gcc/arm-none-eabi/4.8.4/../../../../arm-none-eabi/lib/armv7e-m/fpu\libg_s.a(lib_a-init.o)
 .data          0x00000000        0x0 c:/freescale/kds_3.0.0/toolchain/bin/../lib/gcc/arm-none-eabi/4.8.4/../../../../arm-none-eabi/lib/armv7e-m/fpu\libg_s.a(lib_a-init.o)
 .bss           0x00000000        0x0 c:/freescale/kds_3.0.0/toolchain/bin/../lib/gcc/arm-none-eabi/4.8.4/../../../../arm-none-eabi/lib/armv7e-m/fpu\libg_s.a(lib_a-init.o)
 .text          0x00000000        0x0 c:/freescale/kds_3.0.0/toolchain/bin/../lib/gcc/arm-none-eabi/4.8.4/../../../../arm-none-eabi/lib/armv7e-m/fpu\libg_s.a(lib_a-memset.o)
 .data          0x00000000        0x0 c:/freescale/kds_3.0.0/toolchain/bin/../lib/gcc/arm-none-eabi/4.8.4/../../../../arm-none-eabi/lib/armv7e-m/fpu\libg_s.a(lib_a-memset.o)
 .bss           0x00000000        0x0 c:/freescale/kds_3.0.0/toolchain/bin/../lib/gcc/arm-none-eabi/4.8.4/../../../../arm-none-eabi/lib/armv7e-m/fpu\libg_s.a(lib_a-memset.o)
 .text          0x00000000        0x0 c:/freescale/kds_3.0.0/toolchain/bin/../lib/gcc/arm-none-eabi/4.8.4/../../../../arm-none-eabi/lib/armv7e-m/fpu\libnosys.a(_exit.o)
 .data          0x00000000        0x0 c:/freescale/kds_3.0.0/toolchain/bin/../lib/gcc/arm-none-eabi/4.8.4/../../../../arm-none-eabi/lib/armv7e-m/fpu\libnosys.a(_exit.o)
 .bss           0x00000000        0x0 c:/freescale/kds_3.0.0/toolchain/bin/../lib/gcc/arm-none-eabi/4.8.4/../../../../arm-none-eabi/lib/armv7e-m/fpu\libnosys.a(_exit.o)
 .text          0x00000000        0x0 c:/freescale/kds_3.0.0/toolchain/bin/../lib/gcc/arm-none-eabi/4.8.4/armv7e-m/fpu/crtend.o
 .data          0x00000000        0x0 c:/freescale/kds_3.0.0/toolchain/bin/../lib/gcc/arm-none-eabi/4.8.4/armv7e-m/fpu/crtend.o
 .bss           0x00000000        0x0 c:/freescale/kds_3.0.0/toolchain/bin/../lib/gcc/arm-none-eabi/4.8.4/armv7e-m/fpu/crtend.o
 .eh_frame      0x00000000        0x4 c:/freescale/kds_3.0.0/toolchain/bin/../lib/gcc/arm-none-eabi/4.8.4/armv7e-m/fpu/crtend.o
 .text          0x00000000        0x0 c:/freescale/kds_3.0.0/toolchain/bin/../lib/gcc/arm-none-eabi/4.8.4/armv7e-m/fpu/crtn.o
 .data          0x00000000        0x0 c:/freescale/kds_3.0.0/toolchain/bin/../lib/gcc/arm-none-eabi/4.8.4/armv7e-m/fpu/crtn.o
 .bss           0x00000000        0x0 c:/freescale/kds_3.0.0/toolchain/bin/../lib/gcc/arm-none-eabi/4.8.4/armv7e-m/fpu/crtn.o

Memory Configuration

Name             Origin             Length             Attributes
m_interrupts     0x00000000         0x00000400         xr
m_flash_config   0x00000400         0x00000010         xr
m_text           0x00000410         0x000ffbf0         xr
m_data           0x1fff0000         0x00010000         rw
m_data_2         0x20000000         0x00030000         rw
*default*        0x00000000         0xffffffff

Linker script and memory map

LOAD c:/freescale/kds_3.0.0/toolchain/bin/../lib/gcc/arm-none-eabi/4.8.4/armv7e-m/fpu/crti.o
LOAD c:/freescale/kds_3.0.0/toolchain/bin/../lib/gcc/arm-none-eabi/4.8.4/armv7e-m/fpu/crtbegin.o
LOAD c:/freescale/kds_3.0.0/toolchain/bin/../lib/gcc/arm-none-eabi/4.8.4/../../../../arm-none-eabi/lib/armv7e-m/fpu/crt0.o
LOAD ./Sources/Application.o
LOAD ./Sources/Fifo.o
LOAD ./Sources/HardwareProxy.o
LOAD ./Sources/OV7670.o
LOAD ./Sources/SCCB.o
LOAD ./Sources/main.o
LOAD ./Project_Settings/Startup_Code/startup_MK64F12.o
LOAD ./Project_Settings/Startup_Code/system_MK64F12.o
LOAD c:/freescale/kds_3.0.0/toolchain/bin/../lib/gcc/arm-none-eabi/4.8.4/../../../../arm-none-eabi/lib/armv7e-m/fpu\libstdc++_s.a
LOAD c:/freescale/kds_3.0.0/toolchain/bin/../lib/gcc/arm-none-eabi/4.8.4/../../../../arm-none-eabi/lib/armv7e-m/fpu\libm.a
START GROUP
LOAD c:/freescale/kds_3.0.0/toolchain/bin/../lib/gcc/arm-none-eabi/4.8.4/armv7e-m/fpu\libgcc.a
LOAD c:/freescale/kds_3.0.0/toolchain/bin/../lib/gcc/arm-none-eabi/4.8.4/../../../../arm-none-eabi/lib/armv7e-m/fpu\libg_s.a
LOAD c:/freescale/kds_3.0.0/toolchain/bin/../lib/gcc/arm-none-eabi/4.8.4/../../../../arm-none-eabi/lib/armv7e-m/fpu\libc_s.a
END GROUP
START GROUP
LOAD c:/freescale/kds_3.0.0/toolchain/bin/../lib/gcc/arm-none-eabi/4.8.4/armv7e-m/fpu\libgcc.a
LOAD c:/freescale/kds_3.0.0/toolchain/bin/../lib/gcc/arm-none-eabi/4.8.4/../../../../arm-none-eabi/lib/armv7e-m/fpu\libc_s.a
LOAD c:/freescale/kds_3.0.0/toolchain/bin/../lib/gcc/arm-none-eabi/4.8.4/../../../../arm-none-eabi/lib/armv7e-m/fpu\libnosys.a
END GROUP
START GROUP
LOAD c:/freescale/kds_3.0.0/toolchain/bin/../lib/gcc/arm-none-eabi/4.8.4/armv7e-m/fpu\libgcc.a
LOAD c:/freescale/kds_3.0.0/toolchain/bin/../lib/gcc/arm-none-eabi/4.8.4/../../../../arm-none-eabi/lib/armv7e-m/fpu\libc_s.a
LOAD c:/freescale/kds_3.0.0/toolchain/bin/../lib/gcc/arm-none-eabi/4.8.4/../../../../arm-none-eabi/lib/armv7e-m/fpu\libnosys.a
END GROUP
LOAD c:/freescale/kds_3.0.0/toolchain/bin/../lib/gcc/arm-none-eabi/4.8.4/armv7e-m/fpu/crtend.o
LOAD c:/freescale/kds_3.0.0/toolchain/bin/../lib/gcc/arm-none-eabi/4.8.4/armv7e-m/fpu/crtn.o
                0x00000400                HEAP_SIZE = DEFINED (__heap_size__)?__heap_size__:0x400
                0x00000400                STACK_SIZE = DEFINED (__stack_size__)?__stack_size__:0x400

.interrupts     0x00000000      0x400
                0x00000000                __VECTOR_TABLE = .
                0x00000000                . = ALIGN (0x4)
 *(.isr_vector)
 .isr_vector    0x00000000      0x400 ./Project_Settings/Startup_Code/startup_MK64F12.o
                0x00000000                __isr_vector
                0x00000400                . = ALIGN (0x4)

.flash_config   0x00000400       0x10
                0x00000400                . = ALIGN (0x4)
 *(.FlashConfig)
 .FlashConfig   0x00000400       0x10 ./Project_Settings/Startup_Code/startup_MK64F12.o
                0x00000410                . = ALIGN (0x4)

.text           0x00000410     0x10ec
                0x00000410                . = ALIGN (0x4)
 *(.text)
 .text          0x00000410       0x54 c:/freescale/kds_3.0.0/toolchain/bin/../lib/gcc/arm-none-eabi/4.8.4/armv7e-m/fpu/crtbegin.o
 .text          0x00000464       0x74 c:/freescale/kds_3.0.0/toolchain/bin/../lib/gcc/arm-none-eabi/4.8.4/../../../../arm-none-eabi/lib/armv7e-m/fpu/crt0.o
                0x00000464                _start
                0x00000464                _mainCRTStartup
 .text          0x000004d8       0x30 ./Project_Settings/Startup_Code/startup_MK64F12.o
                0x000004d8                Reset_Handler
                0x00000504                DebugMon_Handler
                0x00000504                I2C0_IRQHandler
                0x00000504                HardFault_Handler
                0x00000504                UART3_RX_TX_IRQHandler
                0x00000504                PendSV_Handler
                0x00000504                NMI_Handler
                0x00000504                UART0_RX_TX_IRQHandler
                0x00000504                I2C1_IRQHandler
                0x00000504                DMA2_IRQHandler
                0x00000504                ENET_Error_IRQHandler
                0x00000504                CAN0_Tx_Warning_IRQHandler
                0x00000504                PIT0_IRQHandler
                0x00000504                CAN0_ORed_Message_buffer_IRQHandler
                0x00000504                CMP2_IRQHandler
                0x00000504                LLWU_IRQHandler
                0x00000504                ENET_Receive_IRQHandler
                0x00000504                ENET_1588_Timer_IRQHandler
                0x00000504                UART2_RX_TX_IRQHandler
                0x00000504                SWI_IRQHandler
                0x00000504                ADC0_IRQHandler
                0x00000504                UsageFault_Handler
                0x00000504                I2S0_Tx_IRQHandler
                0x00000504                CMT_IRQHandler
                0x00000504                UART4_RX_TX_IRQHandler
                0x00000504                SPI1_IRQHandler
                0x00000504                DefaultISR
                0x00000504                DMA9_IRQHandler
                0x00000504                DMA14_IRQHandler
                0x00000504                CMP1_IRQHandler
                0x00000504                Reserved71_IRQHandler
                0x00000504                PORTD_IRQHandler
                0x00000504                PORTB_IRQHandler
                0x00000504                UART4_ERR_IRQHandler
                0x00000504                ADC1_IRQHandler
                0x00000504                I2C2_IRQHandler
                0x00000504                PIT2_IRQHandler
                0x00000504                I2S0_Rx_IRQHandler
                0x00000504                DMA5_IRQHandler
                0x00000504                RTC_IRQHandler
                0x00000504                PDB0_IRQHandler
                0x00000504                CAN0_Rx_Warning_IRQHandler
                0x00000504                FTM1_IRQHandler
                0x00000504                UART5_RX_TX_IRQHandler
                0x00000504                UART3_ERR_IRQHandler
                0x00000504                PIT3_IRQHandler
                0x00000504                SDHC_IRQHandler
                0x00000504                RTC_Seconds_IRQHandler
                0x00000504                MCG_IRQHandler
                0x00000504                FTFE_IRQHandler
                0x00000504                UART2_ERR_IRQHandler
                0x00000504                DMA11_IRQHandler
                0x00000504                UART5_ERR_IRQHandler
                0x00000504                Read_Collision_IRQHandler
                0x00000504                DMA7_IRQHandler
                0x00000504                ENET_Transmit_IRQHandler
                0x00000504                USBDCD_IRQHandler
                0x00000504                USB0_IRQHandler
                0x00000504                SPI2_IRQHandler
                0x00000504                WDOG_EWM_IRQHandler
                0x00000504                MemManage_Handler
                0x00000504                SVC_Handler
                0x00000504                DMA13_IRQHandler
                0x00000504                DMA3_IRQHandler
                0x00000504                UART0_LON_IRQHandler
                0x00000504                RNG_IRQHandler
                0x00000504                DMA0_IRQHandler
                0x00000504                DMA15_IRQHandler
                0x00000504                DAC0_IRQHandler
                0x00000504                CAN0_Error_IRQHandler
                0x00000504                DMA4_IRQHandler
                0x00000504                PIT1_IRQHandler
                0x00000504                UART0_ERR_IRQHandler
                0x00000504                DMA_Error_IRQHandler
                0x00000504                LVD_LVW_IRQHandler
                0x00000504                SPI0_IRQHandler
                0x00000504                FTM0_IRQHandler
                0x00000504                PORTA_IRQHandler
                0x00000504                DAC1_IRQHandler
                0x00000504                MCM_IRQHandler
                0x00000504                DMA12_IRQHandler
                0x00000504                CAN0_Bus_Off_IRQHandler
                0x00000504                FTM3_IRQHandler
                0x00000504                PORTE_IRQHandler
                0x00000504                FTM2_IRQHandler
                0x00000504                LPTMR0_IRQHandler
                0x00000504                BusFault_Handler
                0x00000504                DMA8_IRQHandler
                0x00000504                DMA10_IRQHandler
                0x00000504                CAN0_Wake_Up_IRQHandler
                0x00000504                UART1_ERR_IRQHandler
                0x00000504                UART1_RX_TX_IRQHandler
                0x00000504                CMP0_IRQHandler
                0x00000504                PORTC_IRQHandler
                0x00000504                DMA6_IRQHandler
                0x00000504                DMA1_IRQHandler
 *(.text*)
 .text.App_Init
                0x00000508        0xc ./Sources/Application.o
                0x00000508                App_Init
 .text.App_SerialWrite
                0x00000514       0x40 ./Sources/Application.o
                0x00000514                App_SerialWrite
 .text.App_SerialRead
                0x00000554       0x24 ./Sources/Application.o
                0x00000554                App_SerialRead
 .text.FIFO_StartCapture
                0x00000578       0x5c ./Sources/Fifo.o
                0x00000578                FIFO_StartCapture
 .text.FIFO_GetPixel16
                0x000005d4       0x3c ./Sources/Fifo.o
                0x000005d4                FIFO_GetPixel16
 .text.NVIC_SetPriority
                0x00000610       0x54 ./Sources/HardwareProxy.o
 .text.SysTick_Config
                0x00000664       0x44 ./Sources/HardwareProxy.o
 .text.Hw_WEN_DIS
                0x000006a8       0x18 ./Sources/HardwareProxy.o
                0x000006a8                Hw_WEN_DIS
 .text.Hw_WEN_EN
                0x000006c0       0x18 ./Sources/HardwareProxy.o
                0x000006c0                Hw_WEN_EN
 .text.Hw_WRST_DIS
                0x000006d8       0x18 ./Sources/HardwareProxy.o
                0x000006d8                Hw_WRST_DIS
 .text.Hw_WRST_EN
                0x000006f0       0x18 ./Sources/HardwareProxy.o
                0x000006f0                Hw_WRST_EN
 .text.Hw_RRST_DIS
                0x00000708       0x18 ./Sources/HardwareProxy.o
                0x00000708                Hw_RRST_DIS
 .text.Hw_RRST_EN
                0x00000720       0x18 ./Sources/HardwareProxy.o
                0x00000720                Hw_RRST_EN
 .text.Hw_RCLK_HIGH
                0x00000738       0x18 ./Sources/HardwareProxy.o
                0x00000738                Hw_RCLK_HIGH
 .text.Hw_RCLK_LOW
                0x00000750       0x18 ./Sources/HardwareProxy.o
                0x00000750                Hw_RCLK_LOW
 .text.Hw_READ_VSYNC
                0x00000768       0x24 ./Sources/HardwareProxy.o
                0x00000768                Hw_READ_VSYNC
 .text.Hw_READ_BYTE
                0x0000078c       0x40 ./Sources/HardwareProxy.o
                0x0000078c                Hw_READ_BYTE
 .text.Hw_SCL_HIGH
                0x000007cc       0x18 ./Sources/HardwareProxy.o
                0x000007cc                Hw_SCL_HIGH
 .text.Hw_SCL_LOW
                0x000007e4       0x18 ./Sources/HardwareProxy.o
                0x000007e4                Hw_SCL_LOW
 .text.Hw_SCL_OUTPUT
                0x000007fc       0x1c ./Sources/HardwareProxy.o
                0x000007fc                Hw_SCL_OUTPUT
 .text.Hw_SDA_HIGH
                0x00000818       0x24 ./Sources/HardwareProxy.o
                0x00000818                Hw_SDA_HIGH
 .text.Hw_SDA_LOW
                0x0000083c       0x24 ./Sources/HardwareProxy.o
                0x0000083c                Hw_SDA_LOW
 .text.Hw_SDA_INPUT
                0x00000860       0x24 ./Sources/HardwareProxy.o
                0x00000860                Hw_SDA_INPUT
 .text.Hw_SDA_OUTPUT
                0x00000884       0x24 ./Sources/HardwareProxy.o
                0x00000884                Hw_SDA_OUTPUT
 .text.Hw_READ_SDA
                0x000008a8       0x24 ./Sources/HardwareProxy.o
                0x000008a8                Hw_READ_SDA
 .text.Hw_Init  0x000008cc       0x24 ./Sources/HardwareProxy.o
                0x000008cc                Hw_Init
 .text.Hw_SendByte
                0x000008f0       0x34 ./Sources/HardwareProxy.o
                0x000008f0                Hw_SendByte
 .text.Hw_GetByte
                0x00000924       0x38 ./Sources/HardwareProxy.o
                0x00000924                Hw_GetByte
 .text.Hw_Delay
                0x0000095c       0x2c ./Sources/HardwareProxy.o
                0x0000095c                Hw_Delay
 .text.SysTick_Handler
                0x00000988       0x1c ./Sources/HardwareProxy.o
                0x00000988                SysTick_Handler
 .text.Timer_Init
                0x000009a4       0x20 ./Sources/HardwareProxy.o
 .text.IO_Init  0x000009c4      0x1ac ./Sources/HardwareProxy.o
 .text.Serial_Init
                0x00000b70       0x80 ./Sources/HardwareProxy.o
 .text.Clock_Init
                0x00000bf0      0x200 ./Sources/HardwareProxy.o
 .text.OV7670_Init
                0x00000df0       0x6c ./Sources/OV7670.o
                0x00000df0                OV7670_Init
 .text.OV7670_Setup_QVGA_RGB565
                0x00000e5c       0xb8 ./Sources/OV7670.o
                0x00000e5c                OV7670_Setup_QVGA_RGB565
 .text.OV7670_ReadRegister
                0x00000f14       0x50 ./Sources/OV7670.o
                0x00000f14                OV7670_ReadRegister
 .text.OV7670_WriteRegister
                0x00000f64       0x34 ./Sources/OV7670.o
                0x00000f64                OV7670_WriteRegister
 .text.SCCB_Init
                0x00000f98       0x18 ./Sources/SCCB.o
                0x00000f98                SCCB_Init
 .text.SCCB_Start
                0x00000fb0       0x28 ./Sources/SCCB.o
                0x00000fb0                SCCB_Start
 .text.SCCB_Stop
                0x00000fd8       0x24 ./Sources/SCCB.o
                0x00000fd8                SCCB_Stop
 .text.SCCB_WriteByte
                0x00000ffc       0x6c ./Sources/SCCB.o
                0x00000ffc                SCCB_WriteByte
 .text.SCCB_ReadByte
                0x00001068       0x7c ./Sources/SCCB.o
                0x00001068                SCCB_ReadByte
 .text.main     0x000010e4       0xc4 ./Sources/main.o
                0x000010e4                main
 .text.SystemInit
                0x000011a8       0x3c ./Project_Settings/Startup_Code/system_MK64F12.o
                0x000011a8                SystemInit
 .text.SystemCoreClockUpdate
                0x000011e4      0x270 ./Project_Settings/Startup_Code/system_MK64F12.o
                0x000011e4                SystemCoreClockUpdate
 .text.exit     0x00001454       0x28 c:/freescale/kds_3.0.0/toolchain/bin/../lib/gcc/arm-none-eabi/4.8.4/../../../../arm-none-eabi/lib/armv7e-m/fpu\libg_s.a(lib_a-exit.o)
                0x00001454                exit
 .text.__libc_init_array
                0x0000147c       0x4c c:/freescale/kds_3.0.0/toolchain/bin/../lib/gcc/arm-none-eabi/4.8.4/../../../../arm-none-eabi/lib/armv7e-m/fpu\libg_s.a(lib_a-init.o)
                0x0000147c                __libc_init_array
 .text.memset   0x000014c8       0x10 c:/freescale/kds_3.0.0/toolchain/bin/../lib/gcc/arm-none-eabi/4.8.4/../../../../arm-none-eabi/lib/armv7e-m/fpu\libg_s.a(lib_a-memset.o)
                0x000014c8                memset
 .text._exit    0x000014d8        0x4 c:/freescale/kds_3.0.0/toolchain/bin/../lib/gcc/arm-none-eabi/4.8.4/../../../../arm-none-eabi/lib/armv7e-m/fpu\libnosys.a(_exit.o)
                0x000014d8                _exit
 *(.rodata)
 *(.rodata*)
 .rodata.str1.1
                0x000014dc        0x2 c:/freescale/kds_3.0.0/toolchain/bin/../lib/gcc/arm-none-eabi/4.8.4/../../../../arm-none-eabi/lib/armv7e-m/fpu\libg_s.a(lib_a-impure.o)
 *fill*         0x000014de        0x2 
 .rodata._global_impure_ptr
                0x000014e0        0x4 c:/freescale/kds_3.0.0/toolchain/bin/../lib/gcc/arm-none-eabi/4.8.4/../../../../arm-none-eabi/lib/armv7e-m/fpu\libg_s.a(lib_a-impure.o)
                0x000014e0                _global_impure_ptr
 *(.glue_7)
 .glue_7        0x00000000        0x0 linker stubs
 *(.glue_7t)
 .glue_7t       0x00000000        0x0 linker stubs
 *(.eh_frame)
 .eh_frame      0x000014e4        0x0 c:/freescale/kds_3.0.0/toolchain/bin/../lib/gcc/arm-none-eabi/4.8.4/armv7e-m/fpu/crtbegin.o
 *(.init)
 .init          0x000014e4        0x4 c:/freescale/kds_3.0.0/toolchain/bin/../lib/gcc/arm-none-eabi/4.8.4/armv7e-m/fpu/crti.o
                0x000014e4                _init
 .init          0x000014e8        0x8 c:/freescale/kds_3.0.0/toolchain/bin/../lib/gcc/arm-none-eabi/4.8.4/armv7e-m/fpu/crtn.o
 *(.fini)
 .fini          0x000014f0        0x4 c:/freescale/kds_3.0.0/toolchain/bin/../lib/gcc/arm-none-eabi/4.8.4/armv7e-m/fpu/crti.o
                0x000014f0                _fini
 .fini          0x000014f4        0x8 c:/freescale/kds_3.0.0/toolchain/bin/../lib/gcc/arm-none-eabi/4.8.4/armv7e-m/fpu/crtn.o
                0x000014fc                . = ALIGN (0x4)

.vfp11_veneer   0x000014fc        0x0
 .vfp11_veneer  0x00000000        0x0 linker stubs

.v4_bx          0x000014fc        0x0
 .v4_bx         0x00000000        0x0 linker stubs

.iplt           0x000014fc        0x0
 .iplt          0x00000000        0x0 c:/freescale/kds_3.0.0/toolchain/bin/../lib/gcc/arm-none-eabi/4.8.4/armv7e-m/fpu/crtbegin.o

.ARM.extab
 *(.ARM.extab* .gnu.linkonce.armextab.*)

.ARM            0x000014fc        0x8
                0x000014fc                __exidx_start = .
 *(.ARM.exidx*)
 .ARM.exidx     0x000014fc        0x8 c:/freescale/kds_3.0.0/toolchain/bin/../lib/gcc/arm-none-eabi/4.8.4/../../../../arm-none-eabi/lib/armv7e-m/fpu/crt0.o
                0x00001504                __exidx_end = .

.rel.dyn        0x00001504        0x0
 .rel.iplt      0x00000000        0x0 c:/freescale/kds_3.0.0/toolchain/bin/../lib/gcc/arm-none-eabi/4.8.4/armv7e-m/fpu/crtbegin.o

.ctors          0x00001504        0x0
                0x00001504                __CTOR_LIST__ = .
 *crtbegin.o(.ctors)
 *crtbegin?.o(.ctors)
 *(EXCLUDE_FILE(*crtend.o *crtend?.o) .ctors)
 *(SORT(.ctors.*))
 *(.ctors)
                0x00001504                __CTOR_END__ = .

.dtors          0x00001504        0x0
                0x00001504                __DTOR_LIST__ = .
 *crtbegin.o(.dtors)
 *crtbegin?.o(.dtors)
 *(EXCLUDE_FILE(*crtend.o *crtend?.o) .dtors)
 *(SORT(.dtors.*))
 *(.dtors)
                0x00001504                __DTOR_END__ = .

.preinit_array  0x00001504        0x0
                0x00001504                PROVIDE (__preinit_array_start, .)
 *(.preinit_array*)
                0x00001504                PROVIDE (__preinit_array_end, .)

.init_array     0x00001504        0x4
                0x00001504                PROVIDE (__init_array_start, .)
 *(SORT(.init_array.*))
 *(.init_array*)
 .init_array    0x00001504        0x4 c:/freescale/kds_3.0.0/toolchain/bin/../lib/gcc/arm-none-eabi/4.8.4/armv7e-m/fpu/crtbegin.o
                0x00001508                PROVIDE (__init_array_end, .)

.fini_array     0x00001508        0x4
                0x00001508                PROVIDE (__fini_array_start, .)
 *(SORT(.fini_array.*))
 *(.fini_array*)
 .fini_array    0x00001508        0x4 c:/freescale/kds_3.0.0/toolchain/bin/../lib/gcc/arm-none-eabi/4.8.4/armv7e-m/fpu/crtbegin.o
                0x0000150c                PROVIDE (__fini_array_end, .)
                0x0000150c                __etext = .
                0x0000150c                __DATA_ROM = .

.data           0x1fff0000       0x68 load address 0x0000150c
                0x1fff0000                . = ALIGN (0x4)
                0x1fff0000                __DATA_RAM = .
                0x1fff0000                __data_start__ = .
 *(.data)
 *(.data*)
 .data.SystemCoreClock
                0x1fff0000        0x4 ./Project_Settings/Startup_Code/system_MK64F12.o
                0x1fff0000                SystemCoreClock
 .data.impure_data
                0x1fff0004       0x60 c:/freescale/kds_3.0.0/toolchain/bin/../lib/gcc/arm-none-eabi/4.8.4/../../../../arm-none-eabi/lib/armv7e-m/fpu\libg_s.a(lib_a-impure.o)
 *(.jcr*)
 .jcr           0x1fff0064        0x0 c:/freescale/kds_3.0.0/toolchain/bin/../lib/gcc/arm-none-eabi/4.8.4/armv7e-m/fpu/crtbegin.o
 .jcr           0x1fff0064        0x4 c:/freescale/kds_3.0.0/toolchain/bin/../lib/gcc/arm-none-eabi/4.8.4/armv7e-m/fpu/crtend.o
                0x1fff0068                . = ALIGN (0x4)
                0x1fff0068                __data_end__ = .
                0x00001574                __DATA_END = (__DATA_ROM + (__data_end__ - __data_start__))

.igot.plt       0x1fff0068        0x0 load address 0x00001574
 .igot.plt      0x00000000        0x0 c:/freescale/kds_3.0.0/toolchain/bin/../lib/gcc/arm-none-eabi/4.8.4/armv7e-m/fpu/crtbegin.o

.bss            0x1fff0068       0x20 load address 0x00001574
                0x1fff0068                . = ALIGN (0x4)
                0x1fff0068                __START_BSS = .
                0x1fff0068                __bss_start__ = .
 *(.bss)
 .bss           0x1fff0068       0x1c c:/freescale/kds_3.0.0/toolchain/bin/../lib/gcc/arm-none-eabi/4.8.4/armv7e-m/fpu/crtbegin.o
 *(.bss*)
 .bss.msTicks   0x1fff0084        0x4 ./Sources/HardwareProxy.o
 *(COMMON)
                0x1fff0088                . = ALIGN (0x4)
                0x1fff0088                __bss_end__ = .
                0x1fff0088                __END_BSS = .

.heap           0x20000000      0x400
                0x20000000                . = ALIGN (0x8)
                0x20000000                __end__ = .
                0x20000000                PROVIDE (end, .)
                0x20000000                __HeapBase = .
                0x20000400                . = (. + HEAP_SIZE)
 *fill*         0x20000000      0x400 
                0x20000400                __HeapLimit = .

.stack          0x20000400      0x400
                0x20000400                . = ALIGN (0x8)
                0x20000800                . = (. + STACK_SIZE)
 *fill*         0x20000400      0x400 
                0x20030000                __StackTop = (ORIGIN (m_data_2) + 0x30000)
                0x2002fc00                __StackLimit = (__StackTop - STACK_SIZE)
                0x20030000                PROVIDE (__stack, __StackTop)

.ARM.attributes
                0x00000000       0x30
 *(.ARM.attributes)
 .ARM.attributes
                0x00000000       0x22 c:/freescale/kds_3.0.0/toolchain/bin/../lib/gcc/arm-none-eabi/4.8.4/armv7e-m/fpu/crti.o
 .ARM.attributes
                0x00000022       0x34 c:/freescale/kds_3.0.0/toolchain/bin/../lib/gcc/arm-none-eabi/4.8.4/armv7e-m/fpu/crtbegin.o
 .ARM.attributes
                0x00000056       0x20 c:/freescale/kds_3.0.0/toolchain/bin/../lib/gcc/arm-none-eabi/4.8.4/../../../../arm-none-eabi/lib/armv7e-m/fpu/crt0.o
 .ARM.attributes
                0x00000076       0x39 ./Sources/Application.o
 .ARM.attributes
                0x000000af       0x39 ./Sources/Fifo.o
 .ARM.attributes
                0x000000e8       0x39 ./Sources/HardwareProxy.o
 .ARM.attributes
                0x00000121       0x39 ./Sources/OV7670.o
 .ARM.attributes
                0x0000015a       0x39 ./Sources/SCCB.o
 .ARM.attributes
                0x00000193       0x39 ./Sources/main.o
 .ARM.attributes
                0x000001cc       0x1f ./Project_Settings/Startup_Code/startup_MK64F12.o
 .ARM.attributes
                0x000001eb       0x39 ./Project_Settings/Startup_Code/system_MK64F12.o
 .ARM.attributes
                0x00000224       0x34 c:/freescale/kds_3.0.0/toolchain/bin/../lib/gcc/arm-none-eabi/4.8.4/../../../../arm-none-eabi/lib/armv7e-m/fpu\libg_s.a(lib_a-exit.o)
 .ARM.attributes
                0x00000258       0x34 c:/freescale/kds_3.0.0/toolchain/bin/../lib/gcc/arm-none-eabi/4.8.4/../../../../arm-none-eabi/lib/armv7e-m/fpu\libg_s.a(lib_a-impure.o)
 .ARM.attributes
                0x0000028c       0x34 c:/freescale/kds_3.0.0/toolchain/bin/../lib/gcc/arm-none-eabi/4.8.4/../../../../arm-none-eabi/lib/armv7e-m/fpu\libg_s.a(lib_a-init.o)
 .ARM.attributes
                0x000002c0       0x34 c:/freescale/kds_3.0.0/toolchain/bin/../lib/gcc/arm-none-eabi/4.8.4/../../../../arm-none-eabi/lib/armv7e-m/fpu\libg_s.a(lib_a-memset.o)
 .ARM.attributes
                0x000002f4       0x34 c:/freescale/kds_3.0.0/toolchain/bin/../lib/gcc/arm-none-eabi/4.8.4/../../../../arm-none-eabi/lib/armv7e-m/fpu\libnosys.a(_exit.o)
 .ARM.attributes
                0x00000328       0x34 c:/freescale/kds_3.0.0/toolchain/bin/../lib/gcc/arm-none-eabi/4.8.4/armv7e-m/fpu/crtend.o
 .ARM.attributes
                0x0000035c       0x22 c:/freescale/kds_3.0.0/toolchain/bin/../lib/gcc/arm-none-eabi/4.8.4/armv7e-m/fpu/crtn.o
                0x00000001                ASSERT ((__StackLimit >= __HeapLimit), region m_data_2 overflowed with stack and heap)
OUTPUT(K64F_OV7670.elf elf32-littlearm)

.debug_info     0x00000000     0x1b51
 .debug_info    0x00000000      0x143 ./Sources/Application.o
 .debug_info    0x00000143       0xcc ./Sources/Fifo.o
 .debug_info    0x0000020f      0xf02 ./Sources/HardwareProxy.o
 .debug_info    0x00001111      0x123 ./Sources/OV7670.o
 .debug_info    0x00001234      0x151 ./Sources/SCCB.o
 .debug_info    0x00001385      0x12b ./Sources/main.o
 .debug_info    0x000014b0       0x98 ./Project_Settings/Startup_Code/startup_MK64F12.o
 .debug_info    0x00001548      0x609 ./Project_Settings/Startup_Code/system_MK64F12.o

.debug_abbrev   0x00000000      0x6a8
 .debug_abbrev  0x00000000       0xa0 ./Sources/Application.o
 .debug_abbrev  0x000000a0       0x7b ./Sources/Fifo.o
 .debug_abbrev  0x0000011b      0x284 ./Sources/HardwareProxy.o
 .debug_abbrev  0x0000039f       0xb3 ./Sources/OV7670.o
 .debug_abbrev  0x00000452       0xa2 ./Sources/SCCB.o
 .debug_abbrev  0x000004f4       0x86 ./Sources/main.o
 .debug_abbrev  0x0000057a       0x14 ./Project_Settings/Startup_Code/startup_MK64F12.o
 .debug_abbrev  0x0000058e      0x11a ./Project_Settings/Startup_Code/system_MK64F12.o

.debug_aranges  0x00000000      0x258
 .debug_aranges
                0x00000000       0x38 ./Sources/Application.o
 .debug_aranges
                0x00000038       0x30 ./Sources/Fifo.o
 .debug_aranges
                0x00000068      0x110 ./Sources/HardwareProxy.o
 .debug_aranges
                0x00000178       0x38 ./Sources/OV7670.o
 .debug_aranges
                0x000001b0       0x40 ./Sources/SCCB.o
 .debug_aranges
                0x000001f0       0x20 ./Sources/main.o
 .debug_aranges
                0x00000210       0x20 ./Project_Settings/Startup_Code/startup_MK64F12.o
 .debug_aranges
                0x00000230       0x28 ./Project_Settings/Startup_Code/system_MK64F12.o

.debug_ranges   0x00000000      0x1c8
 .debug_ranges  0x00000000       0x28 ./Sources/Application.o
 .debug_ranges  0x00000028       0x20 ./Sources/Fifo.o
 .debug_ranges  0x00000048      0x100 ./Sources/HardwareProxy.o
 .debug_ranges  0x00000148       0x28 ./Sources/OV7670.o
 .debug_ranges  0x00000170       0x30 ./Sources/SCCB.o
 .debug_ranges  0x000001a0       0x10 ./Sources/main.o
 .debug_ranges  0x000001b0       0x18 ./Project_Settings/Startup_Code/system_MK64F12.o

.debug_macro    0x00000000    0x19f61
 .debug_macro   0x00000000       0xed ./Sources/Application.o
 .debug_macro   0x000000ed      0x850 ./Sources/Application.o
 .debug_macro   0x0000093d       0x58 ./Sources/Application.o
 .debug_macro   0x00000995       0x16 ./Sources/Application.o
 .debug_macro   0x000009ab       0x35 ./Sources/Application.o
 .debug_macro   0x000009e0       0xa3 ./Sources/Application.o
 .debug_macro   0x00000a83       0x16 ./Sources/Application.o
 .debug_macro   0x00000a99      0x10e ./Sources/Application.o
 .debug_macro   0x00000ba7       0x7f ./Sources/Application.o
 .debug_macro   0x00000c26       0x4a ./Sources/Application.o
 .debug_macro   0x00000c70       0x52 ./Sources/Application.o
 .debug_macro   0x00000cc2       0x16 ./Sources/Application.o
 .debug_macro   0x00000cd8       0x43 ./Sources/Application.o
 .debug_macro   0x00000d1b      0x180 ./Sources/Application.o
 .debug_macro   0x00000e9b       0x22 ./Sources/Application.o
 .debug_macro   0x00000ebd      0x20f ./Sources/Application.o
 .debug_macro   0x000010cc       0x56 ./Sources/Fifo.o
 .debug_macro   0x00001122       0x44 ./Sources/Fifo.o
 .debug_macro   0x00001166      0x209 ./Sources/Fifo.o
 .debug_macro   0x0000136f      0x144 ./Sources/HardwareProxy.o
 .debug_macro   0x000014b3       0x68 ./Sources/HardwareProxy.o
 .debug_macro   0x0000151b       0x3b ./Sources/HardwareProxy.o
 .debug_macro   0x00001556       0x2d ./Sources/HardwareProxy.o
 .debug_macro   0x00001583       0x26 ./Sources/HardwareProxy.o
 .debug_macro   0x000015a9      0xc13 ./Sources/HardwareProxy.o
 .debug_macro   0x000021bc       0x78 ./Sources/HardwareProxy.o
 .debug_macro   0x00002234    0x175e0 ./Sources/HardwareProxy.o
 .debug_macro   0x00019814       0x40 ./Sources/HardwareProxy.o
 .debug_macro   0x00019854       0x6e ./Sources/OV7670.o
 .debug_macro   0x000198c2      0x4ab ./Sources/OV7670.o
 .debug_macro   0x00019d6d       0x10 ./Sources/OV7670.o
 .debug_macro   0x00019d7d       0xf6 ./Sources/SCCB.o
 .debug_macro   0x00019e73       0x66 ./Sources/main.o
 .debug_macro   0x00019ed9       0x88 ./Project_Settings/Startup_Code/system_MK64F12.o

.debug_line     0x00000000     0x1357
 .debug_line    0x00000000      0x26f ./Sources/Application.o
 .debug_line    0x0000026f      0x1eb ./Sources/Fifo.o
 .debug_line    0x0000045a      0x580 ./Sources/HardwareProxy.o
 .debug_line    0x000009da      0x21e ./Sources/OV7670.o
 .debug_line    0x00000bf8      0x298 ./Sources/SCCB.o
 .debug_line    0x00000e90      0x1e2 ./Sources/main.o
 .debug_line    0x00001072       0x78 ./Project_Settings/Startup_Code/startup_MK64F12.o
 .debug_line    0x000010ea      0x26d ./Project_Settings/Startup_Code/system_MK64F12.o

.debug_str      0x00000000    0x9253d
 .debug_str     0x00000000     0x444d ./Sources/Application.o
                               0x4622 (size before relaxing)
 .debug_str     0x0000444d       0x62 ./Sources/Fifo.o
                               0x2f84 (size before relaxing)
 .debug_str     0x000044af    0x8cf58 ./Sources/HardwareProxy.o
                              0x91540 (size before relaxing)
 .debug_str     0x00091407      0xfa1 ./Sources/OV7670.o
                               0x3ed8 (size before relaxing)
 .debug_str     0x000923a8       0x57 ./Sources/SCCB.o
                               0x4636 (size before relaxing)
 .debug_str     0x000923ff       0x3c ./Sources/main.o
                               0x2fa8 (size before relaxing)
 .debug_str     0x0009243b      0x102 ./Project_Settings/Startup_Code/system_MK64F12.o
                              0x8f6d0 (size before relaxing)

.comment        0x00000000       0x70
 .comment       0x00000000       0x70 ./Sources/Application.o
                                 0x71 (size before relaxing)
 .comment       0x00000000       0x71 ./Sources/Fifo.o
 .comment       0x00000000       0x71 ./Sources/HardwareProxy.o
 .comment       0x00000000       0x71 ./Sources/OV7670.o
 .comment       0x00000000       0x71 ./Sources/SCCB.o
 .comment       0x00000000       0x71 ./Sources/main.o
 .comment       0x00000000       0x71 ./Project_Settings/Startup_Code/system_MK64F12.o

.debug_frame    0x00000000      0x650
 .debug_frame   0x00000000       0x8c ./Sources/Application.o
 .debug_frame   0x0000008c       0x68 ./Sources/Fifo.o
 .debug_frame   0x000000f4      0x324 ./Sources/HardwareProxy.o
 .debug_frame   0x00000418       0x8c ./Sources/OV7670.o
 .debug_frame   0x000004a4       0xa4 ./Sources/SCCB.o
 .debug_frame   0x00000548       0x30 ./Sources/main.o
 .debug_frame   0x00000578       0x44 ./Project_Settings/Startup_Code/system_MK64F12.o
 .debug_frame   0x000005bc       0x28 c:/freescale/kds_3.0.0/toolchain/bin/../lib/gcc/arm-none-eabi/4.8.4/../../../../arm-none-eabi/lib/armv7e-m/fpu\libg_s.a(lib_a-exit.o)
 .debug_frame   0x000005e4       0x2c c:/freescale/kds_3.0.0/toolchain/bin/../lib/gcc/arm-none-eabi/4.8.4/../../../../arm-none-eabi/lib/armv7e-m/fpu\libg_s.a(lib_a-init.o)
 .debug_frame   0x00000610       0x20 c:/freescale/kds_3.0.0/toolchain/bin/../lib/gcc/arm-none-eabi/4.8.4/../../../../arm-none-eabi/lib/armv7e-m/fpu\libg_s.a(lib_a-memset.o)
 .debug_frame   0x00000630       0x20 c:/freescale/kds_3.0.0/toolchain/bin/../lib/gcc/arm-none-eabi/4.8.4/../../../../arm-none-eabi/lib/armv7e-m/fpu\libnosys.a(_exit.o)
